Microchip MPLAB XC8 Compiler V1.41 ()

Linker command line:

-W-3 --edf=C:\Program Files (x86)\Microchip\xc8\v1.41\dat\en_msgs.txt -cs \
  -h+dist/default/production\proyect.X.production.sym \
  --cmf=dist/default/production\proyect.X.production.cmf -z -Q18F4550 \
  -oC:\Users\Luis\AppData\Local\Temp\sgok.2 \
  -Mdist/default/production/proyect.X.production.map -E1 -ver=XC8 \
  -ASTACK=060h-07ffh -pstack=STACK -ACODE=01000h-07FFFh \
  -ACONST=01000h-07FFFh -ASMALLCONST=01000h-010FFhx112 \
  -AMEDIUMCONST=01000h-07FFFh -ACOMRAM=01h-05Fh -AABS1=00h-07FFh \
  -ABIGRAM=01h-07FFh -ARAM=060h-0FFh,0100h-01FFhx7 -ABANK0=060h-0FFh \
  -ABANK1=0100h-01FFh -ABANK2=0200h-02FFh -ABANK3=0300h-03FFh \
  -ABANK4=0400h-04FFh -ABANK5=0500h-05FFh -ABANK6=0600h-06FFh \
  -ABANK7=0700h-07FFh -ASFR=0F60h-0FFFh \
  -preset_vec=01000h,intcode,intcodelo,powerup,init -pramtop=0800h \
  -psmallconst=SMALLCONST -pmediumconst=MEDIUMCONST -pconst=CONST \
  -AFARRAM=00h-00h -ACONFIG=0300000h-030000Dh -pconfig=CONFIG \
  -AIDLOC=0200000h-0200007h -pidloc=IDLOC -AEEDATA=0F00000h-0F000FFh \
  -peeprom_data=EEDATA \
  -prdata=COMRAM,nvrram=COMRAM,nvbit=COMRAM,rbss=COMRAM,rbit=COMRAM \
  -pfarbss=FARRAM,fardata=FARRAM,nvFARRAM=FARRAM \
  -pintsave_regs=BIGRAM,bigbss=BIGRAM,bigdata=BIGRAM -pbss=RAM \
  -pidata=CODE,irdata=CODE,ibigdata=CODE,ifardata=CODE -prparam=COMRAM \
  C:\Users\Luis\AppData\Local\Temp\sgok.obj \
  dist/default/production\proyect.X.production.obj 

Object code version is 3.11

Machine type is 18F4550

Call graph: (short form)




                Name                               Link     Load   Length Selector   Space Scale
C:\Users\Luis\AppData\Local\Temp\sgok.obj
                init                               1000     1000        4      800       0
                idloc                            200000   200000        8   200000       0
                config                           300000   300000        E   300000       0
dist/default/production\proyect.X.production.obj
                text14                             7C30     7C30       10     3E18       0
                text13                             7C74     7C74       18     3E3A       0
                text12                             7C40     7C40       10     3E20       0
                text11                             7C60     7C60       14     3E30       0
                text10                             7E1A     7E1A       58     3F0D       0
                text9                              7C8C     7C8C       20     3E46       0
                text8                              7D30     7D30       4A     3E98       0
                text7                              7F76     7F76       8A     3FBB       0
                text6                              7DC6     7DC6       54     3EE3       0
                text5                              7D7A     7D7A       4C     3EBD       0
                text4                              7CD2     7CD2       2C     3E69       0
                text3                              7CFE     7CFE       32     3E7F       0
                text2                              7EF0     7EF0       86     3F78       0
                text1                              7C50     7C50       10     3E28       0
                text0                              7E72     7E72       7E     3F39       0
                cstackCOMRAM                          1        1       27        1       1
                dataCOMRAM                           28       28        5        1       1
                cinit                              7CAC     7CAC       26     3E56       0
                idataCOMRAM                        7C2B     7C2B        5     7C2B       0

TOTAL           Name                               Link     Load   Length     Space
        CLASS   STACK          

        CLASS   CODE           
                init                               1000     1000        4         0
                text14                             7C30     7C30       10         0
                text13                             7C74     7C74       18         0
                text12                             7C40     7C40       10         0
                text11                             7C60     7C60       14         0
                text10                             7E1A     7E1A       58         0
                text9                              7C8C     7C8C       20         0
                text8                              7D30     7D30       4A         0
                text7                              7F76     7F76       8A         0
                text6                              7DC6     7DC6       54         0
                text5                              7D7A     7D7A       4C         0
                text4                              7CD2     7CD2       2C         0
                text3                              7CFE     7CFE       32         0
                text2                              7EF0     7EF0       86         0
                text1                              7C50     7C50       10         0
                text0                              7E72     7E72       7E         0
                cinit                              7CAC     7CAC       26         0
                idataCOMRAM                        7C2B     7C2B        5         0

        CLASS   CONST          

        CLASS   SMALLCONST     

        CLASS   MEDIUMCONST    

        CLASS   COMRAM         
                cstackCOMRAM                          1        1       27         1
                dataCOMRAM                           28       28        5         1

        CLASS   ABS1           

        CLASS   BIGRAM         

        CLASS   RAM            

        CLASS   BANK0          

        CLASS   BANK1          

        CLASS   BANK2          

        CLASS   BANK3          

        CLASS   BANK4          

        CLASS   BANK5          

        CLASS   BANK6          

        CLASS   BANK7          

        CLASS   SFR            

        CLASS   FARRAM         

        CLASS   CONFIG         
                config                           300000   300000        E         0

        CLASS   IDLOC          
                idloc                            200000   200000        8         0

        CLASS   EEDATA         



SEGMENTS        Name                           Load    Length   Top    Selector   Space  Class

                cstackCOMRAM                   000001  00002C  00002D         1       1  COMRAM  
                reset_vec                      001000  000004  001004       800       0  CODE    
                idataCOMRAM                    007C2B  000005  007C30      7C2B       0  CODE    
                text14                         007C30  000010  007C40      3E18       0  CODE    
                text12                         007C40  000010  007C50      3E20       0  CODE    
                text1                          007C50  000010  007C60      3E28       0  CODE    
                text11                         007C60  000014  007C74      3E30       0  CODE    
                text13                         007C74  000018  007C8C      3E3A       0  CODE    
                text9                          007C8C  000020  007CAC      3E46       0  CODE    
                cinit                          007CAC  000026  007CD2      3E56       0  CODE    
                text4                          007CD2  00002C  007CFE      3E69       0  CODE    
                text3                          007CFE  000032  007D30      3E7F       0  CODE    
                text8                          007D30  00004A  007D7A      3E98       0  CODE    
                text5                          007D7A  00004C  007DC6      3EBD       0  CODE    
                text6                          007DC6  000054  007E1A      3EE3       0  CODE    
                text10                         007E1A  000058  007E72      3F0D       0  CODE    
                text0                          007E72  00007E  007EF0      3F39       0  CODE    
                text2                          007EF0  000086  007F76      3F78       0  CODE    
                text7                          007F76  00008A  008000      3FBB       0  CODE    
                idloc                          200000  000008  200008    200000       0  IDLOC   
                config                         300000  00000E  30000E    300000       0  CONFIG  


UNUSED ADDRESS RANGES

        Name                Unused          Largest block    Delta
        BANK0            000060-0000FF               A0
        BANK1            000100-0001FF              100
        BANK2            000200-0002FF              100
        BANK3            000300-0003FF              100
        BANK4            000400-0004FF              100
        BANK5            000500-0005FF              100
        BANK6            000600-0006FF              100
        BANK7            000700-0007FF              100
        BIGRAM           00002D-0007FF              7D3
        CODE             001004-007C2A             6C27
        COMRAM           00002D-00005F               33
        CONST            001004-007C2A             6C27
        EEDATA           F00000-F000FF              100
        FARRAM           000000-000000                1
        MEDIUMCONST      001004-007C2A             6C27
        RAM              000060-0007FF              100
        SFR              000F60-000FFF               A0
        SMALLCONST       001004-007C2A              100
        STACK            000060-0007FF              7A0

                                  Symbol Table

Check_Data_Sent_TX_Mode_nRF24L01@i                    cstackCOMRAM 000006
Check_Data_Sent_TX_Mode_nRF24L01@j                    cstackCOMRAM 000008
Check_Data_Sent_TX_Mode_nRF24L01@nRF24L01_Status      cstackCOMRAM 000009
PL2                                                   text7        007FDA
PL4                                                   text6        007E0E
PL6                                                   text5        007DBC
PL8                                                   text3        007D28
Read_nRF24L01_Address_Register@Register_Address       cstackCOMRAM 000002
Read_nRF24L01_Address_Register@Register_Content       cstackCOMRAM 000003
Read_nRF24L01_Address_Register@TX_RX_Address_Width    cstackCOMRAM 000009
Read_nRF24L01_Address_Register@i                      cstackCOMRAM 00000A
Read_nRF24L01_Register@Register_Address               cstackCOMRAM 000002
Read_nRF24L01_Register@Register_Content               cstackCOMRAM 000003
Read_nRF24L01_Status@nRF24L01_Status                  cstackCOMRAM 000002
SPI_Start@Clock_Frequency                             cstackCOMRAM 000001
SPI_Transfer@byte_to_send                             cstackCOMRAM 000001
Send_Data_TX_Mode_nRF24L01@Enable_Checksum            cstackCOMRAM 00001E
Send_Data_TX_Mode_nRF24L01@TX_Address                 cstackCOMRAM 00001B
Send_Data_TX_Mode_nRF24L01@TX_Payload                 cstackCOMRAM 00001D
Send_Data_TX_Mode_nRF24L01@TX_RX_Address_Width        cstackCOMRAM 00001A
Send_Data_TX_Mode_nRF24L01@TX_RX_Payload_Width        cstackCOMRAM 00001C
Start_TX_Mode_nRF24L01@Auto_Retransmit_Delay          cstackCOMRAM 00000B
Start_TX_Mode_nRF24L01@CRC_Setup                      cstackCOMRAM 00000A
Start_TX_Mode_nRF24L01@Enable_Checksum                cstackCOMRAM 00000D
Start_TX_Mode_nRF24L01@Frequency_Channel              cstackCOMRAM 000006
Start_TX_Mode_nRF24L01@LNA_Gain                       cstackCOMRAM 000009
Start_TX_Mode_nRF24L01@Max_Auto_Retransmit            cstackCOMRAM 00000C
Start_TX_Mode_nRF24L01@RF_Data_Rate                   cstackCOMRAM 000007
Start_TX_Mode_nRF24L01@RF_Output_Power                cstackCOMRAM 000008
Start_TX_Mode_nRF24L01@TX_RX_Address_Width            cstackCOMRAM 000010
Start_TX_Mode_nRF24L01@TX_RX_Payload_Width            cstackCOMRAM 00000E
Write_nRF24L01_Address_Register@Address_Verification  cstackCOMRAM 000012
Write_nRF24L01_Address_Register@Process_Finished      cstackCOMRAM 000017
Write_nRF24L01_Address_Register@Register_Address      cstackCOMRAM 00000B
Write_nRF24L01_Address_Register@Register_Content      cstackCOMRAM 00000C
Write_nRF24L01_Address_Register@TX_RX_Address_Width   cstackCOMRAM 000018
Write_nRF24L01_Address_Register@i                     cstackCOMRAM 000019
Write_nRF24L01_Register@Register_Address              cstackCOMRAM 000005
Write_nRF24L01_Register@Register_Content              cstackCOMRAM 000004
Write_nRF24L01_Status@Register_Content                cstackCOMRAM 000002
Write_nRF24L01_TX_Payload@Enable_Checksum             cstackCOMRAM 000005
Write_nRF24L01_TX_Payload@TX_Checksum                 cstackCOMRAM 000004
Write_nRF24L01_TX_Payload@TX_Payload                  cstackCOMRAM 000003
Write_nRF24L01_TX_Payload@TX_RX_Payload_Width         cstackCOMRAM 000002
Write_nRF24L01_TX_Payload@i                           cstackCOMRAM 000006
_ADCON0bits                                           (abs)        000FC2
_ADCON1                                               (abs)        000FC1
_Check_Data_Sent_TX_Mode_nRF24L01                     text10       007E1A
_IPR1bits                                             (abs)        000F9F
_LATAbits                                             (abs)        000F89
_PIE1bits                                             (abs)        000F9D
_PIR1bits                                             (abs)        000F9E
_PORTBbits                                            (abs)        000F81
_Read_nRF24L01_Address_Register                       text8        007D30
_Read_nRF24L01_Register                               text13       007C74
_Read_nRF24L01_Status                                 text12       007C40
_Reset_nRF24L01_Status_and_nRF24L01_Payloads          text4        007CD2
_SPI_Start                                            text9        007C8C
_SPI_Transfer                                         text14       007C30
_SSPBUF                                               (abs)        000FC9
_SSPCON1                                              (abs)        000FC6
_SSPCON1bits                                          (abs)        000FC6
_SSPSTATbits                                          (abs)        000FC7
_Send_Data_TX_Mode_nRF24L01                           text5        007D7A
_Start_TX_Mode_nRF24L01                               text2        007EF0
_TRISAbits                                            (abs)        000F92
_TRISBbits                                            (abs)        000F93
_TRISCbits                                            (abs)        000F94
_Write_nRF24L01_Address_Register                      text7        007F76
_Write_nRF24L01_Register                              text3        007CFE
_Write_nRF24L01_Status                                text11       007C60
_Write_nRF24L01_TX_Payload                            text6        007DC6
__CFG_BOR$OFF                                         (abs)        000000
__CFG_CPUDIV$OSC1_PLL2                                (abs)        000000
__CFG_DEBUG$OFF                                       (abs)        000000
__CFG_FCMEN$OFF                                       (abs)        000000
__CFG_FOSC$HSPLL_HS                                   (abs)        000000
__CFG_IESO$OFF                                        (abs)        000000
__CFG_LVP$OFF                                         (abs)        000000
__CFG_MCLRE$ON                                        (abs)        000000
__CFG_PBADEN$OFF                                      (abs)        000000
__CFG_PLLDIV$5                                        (abs)        000000
__CFG_PWRT$OFF                                        (abs)        000000
__CFG_USBDIV$2                                        (abs)        000000
__CFG_VREGEN$ON                                       (abs)        000000
__CFG_WDT$OFF                                         (abs)        000000
__HRAM                                                (abs)        000000
__Habs1                                               abs1         000000
__Hbank0                                              bank0        000000
__Hbank1                                              bank1        000000
__Hbank2                                              bank2        000000
__Hbank3                                              bank3        000000
__Hbank4                                              bank4        000000
__Hbank5                                              bank5        000000
__Hbank6                                              bank6        000000
__Hbank7                                              bank7        000000
__Hbigbss                                             bigbss       000000
__Hbigdata                                            bigdata      000000
__Hbigram                                             bigram       000000
__Hbss                                                bss          000000
__Hcinit                                              cinit        000000
__Hclrtext                                            clrtext      000000
__Hcomram                                             comram       000000
__Hconfig                                             config       30000E
__Hconst                                              const        000000
__HcstackCOMRAM                                       cstackCOMRAM 000000
__Hdata                                               data         000000
__HdataCOMRAM                                         dataCOMRAM   000000
__Heeprom_data                                        eeprom_data  000000
__Hfarbss                                             farbss       000000
__Hfardata                                            fardata      000000
__Hibigdata                                           ibigdata     000000
__Hidata                                              idata        000000
__HidataCOMRAM                                        idataCOMRAM  000000
__Hidloc                                              idloc        200008
__Hifardata                                           ifardata     000000
__Hinit                                               init         001004
__Hintcode                                            intcode      001000
__Hintcode_body                                       intcode_body 000000
__Hintcodelo                                          intcodelo    001000
__Hintentry                                           intentry     000000
__Hintret                                             intret       000000
__Hintsave_regs                                       intsave_regs 000000
__Hirdata                                             irdata       000000
__Hmediumconst                                        mediumconst  000000
__HnvFARRAM                                           nvFARRAM     000000
__Hnvbit                                              nvbit        000000
__Hnvrram                                             nvrram       000000
__Hpa_nodes0                                          pa_nodes0    000000
__Hparam                                              rparam       000000
__Hpowerup                                            powerup      001000
__Hram                                                ram          000000
__Hramtop                                             ramtop       000800
__Hrbit                                               rbit         000000
__Hrbss                                               rbss         000000
__Hrdata                                              rdata        000000
__Hreset_vec                                          reset_vec    001000
__Hrparam                                             rparam       000000
__Hsfr                                                sfr          000000
__Hsmallconst                                         smallconst   000000
__Hspace_0                                            (abs)        30000E
__Hspace_1                                            (abs)        00002D
__Hspace_2                                            (abs)        000000
__Hstack                                              stack        000000
__Hstruct                                             struct       000000
__Htemp                                               temp         000000
__Htext                                               text         000000
__Htext0                                              text0        000000
__Htext1                                              text1        000000
__Htext10                                             text10       000000
__Htext11                                             text11       000000
__Htext12                                             text12       000000
__Htext13                                             text13       000000
__Htext14                                             text14       000000
__Htext2                                              text2        000000
__Htext3                                              text3        000000
__Htext4                                              text4        000000
__Htext5                                              text5        000000
__Htext6                                              text6        000000
__Htext7                                              text7        000000
__Htext8                                              text8        000000
__Htext9                                              text9        000000
__LRAM                                                (abs)        000001
__Labs1                                               abs1         000000
__Lbank0                                              bank0        000000
__Lbank1                                              bank1        000000
__Lbank2                                              bank2        000000
__Lbank3                                              bank3        000000
__Lbank4                                              bank4        000000
__Lbank5                                              bank5        000000
__Lbank6                                              bank6        000000
__Lbank7                                              bank7        000000
__Lbigbss                                             bigbss       000000
__Lbigdata                                            bigdata      000000
__Lbigram                                             bigram       000000
__Lbss                                                bss          000000
__Lcinit                                              cinit        000000
__Lclrtext                                            clrtext      000000
__Lcomram                                             comram       000000
__Lconfig                                             config       300000
__Lconst                                              const        000000
__LcstackCOMRAM                                       cstackCOMRAM 000000
__Ldata                                               data         000000
__LdataCOMRAM                                         dataCOMRAM   000000
__Leeprom_data                                        eeprom_data  000000
__Lfarbss                                             farbss       000000
__Lfardata                                            fardata      000000
__Libigdata                                           ibigdata     000000
__Lidata                                              idata        000000
__LidataCOMRAM                                        idataCOMRAM  000000
__Lidloc                                              idloc        200000
__Lifardata                                           ifardata     000000
__Linit                                               init         001000
__Lintcode                                            intcode      001000
__Lintcode_body                                       intcode_body 000000
__Lintcodelo                                          intcodelo    001000
__Lintentry                                           intentry     000000
__Lintret                                             intret       000000
__Lintsave_regs                                       intsave_regs 000000
__Lirdata                                             irdata       000000
__Lmediumconst                                        mediumconst  000000
__LnvFARRAM                                           nvFARRAM     000000
__Lnvbit                                              nvbit        000000
__Lnvrram                                             nvrram       000000
__Lpa_nodes0                                          pa_nodes0    000000
__Lparam                                              rparam       000000
__Lpowerup                                            powerup      001000
__Lram                                                ram          000000
__Lramtop                                             ramtop       000800
__Lrbit                                               rbit         000000
__Lrbss                                               rbss         000000
__Lrdata                                              rdata        000000
__Lreset_vec                                          reset_vec    001000
__Lrparam                                             rparam       000000
__Lsfr                                                sfr          000000
__Lsmallconst                                         smallconst   000000
__Lspace_0                                            (abs)        000000
__Lspace_1                                            (abs)        000000
__Lspace_2                                            (abs)        000000
__Lstack                                              stack        000000
__Lstruct                                             struct       000000
__Ltemp                                               temp         000000
__Ltext                                               text         000000
__Ltext0                                              text0        000000
__Ltext1                                              text1        000000
__Ltext10                                             text10       000000
__Ltext11                                             text11       000000
__Ltext12                                             text12       000000
__Ltext13                                             text13       000000
__Ltext14                                             text14       000000
__Ltext2                                              text2        000000
__Ltext3                                              text3        000000
__Ltext4                                              text4        000000
__Ltext5                                              text5        000000
__Ltext6                                              text6        000000
__Ltext7                                              text7        000000
__Ltext8                                              text8        000000
__Ltext9                                              text9        000000
__S0                                                  (abs)        30000E
__S1                                                  (abs)        00002D
__S2                                                  (abs)        000000
___inthi_sp                                           stack        000000
___intlo_sp                                           stack        000000
___param_bank                                         (abs)        000000
___rparam_used                                        (abs)        000001
___sp                                                 stack        000000
__accesstop                                           (abs)        000060
__activetblptr                                        (abs)        000000
__end_ofPL2                                           text7        008000
__end_ofPL4                                           text6        007E1A
__end_ofPL6                                           text5        007DC6
__end_ofPL8                                           text3        007D30
__end_of_Check_Data_Sent_TX_Mode_nRF24L01             text10       007E72
__end_of_Read_nRF24L01_Address_Register               text8        007D7A
__end_of_Read_nRF24L01_Register                       text13       007C8C
__end_of_Read_nRF24L01_Status                         text12       007C50
__end_of_Reset_nRF24L01_Status_and_nRF24L01_Payloads  text4        007CFE
__end_of_SPI_Start                                    text9        007CAC
__end_of_SPI_Transfer                                 text14       007C40
__end_of_Send_Data_TX_Mode_nRF24L01                   text5        007DBC
__end_of_Start_TX_Mode_nRF24L01                       text2        007F76
__end_of_Write_nRF24L01_Address_Register              text7        007FDA
__end_of_Write_nRF24L01_Register                      text3        007D28
__end_of_Write_nRF24L01_Status                        text11       007C74
__end_of_Write_nRF24L01_TX_Payload                    text6        007E0E
__end_of__initialization                              cinit        007CCC
__end_of_main                                         text0        007EF0
__end_of_nRF24L01_Ports_Start                         text1        007C60
__initialization                                      cinit        007CAC
__mediumconst                                         mediumconst  000000
__pcinit                                              cinit        007CAC
__pcstackCOMRAM                                       cstackCOMRAM 000001
__pdataCOMRAM                                         dataCOMRAM   000028
__pidataCOMRAM                                        idataCOMRAM  007C2B
__ptext0                                              text0        007E72
__ptext1                                              text1        007C50
__ptext10                                             text10       007E1A
__ptext11                                             text11       007C60
__ptext12                                             text12       007C40
__ptext13                                             text13       007C74
__ptext14                                             text14       007C30
__ptext2                                              text2        007EF0
__ptext3                                              text3        007CFE
__ptext4                                              text4        007CD2
__ptext5                                              text5        007D7A
__ptext6                                              text6        007DC6
__ptext7                                              text7        007F76
__ptext8                                              text8        007D30
__ptext9                                              text9        007C8C
__ramtop                                              ramtop       000800
__size_of_Check_Data_Sent_TX_Mode_nRF24L01            (abs)        000000
__size_of_Read_nRF24L01_Address_Register              (abs)        000000
__size_of_Read_nRF24L01_Register                      (abs)        000000
__size_of_Read_nRF24L01_Status                        (abs)        000000
__size_of_Reset_nRF24L01_Status_and_nRF24L01_Payloads (abs)        000000
__size_of_SPI_Start                                   (abs)        000000
__size_of_SPI_Transfer                                (abs)        000000
__size_of_Send_Data_TX_Mode_nRF24L01                  (abs)        000000
__size_of_Start_TX_Mode_nRF24L01                      (abs)        000000
__size_of_Write_nRF24L01_Address_Register             (abs)        000000
__size_of_Write_nRF24L01_Register                     (abs)        000000
__size_of_Write_nRF24L01_Status                       (abs)        000000
__size_of_Write_nRF24L01_TX_Payload                   (abs)        000000
__size_of_main                                        (abs)        000000
__size_of_nRF24L01_Ports_Start                        (abs)        000000
__smallconst                                          smallconst   000000
_main                                                 text0        007E72
_nRF24L01_Ports_Start                                 text1        007C50
end_of_initialization                                 cinit        007CCC
intlevel0                                             text         000000
intlevel1                                             text         000000
intlevel2                                             text         000000
intlevel3                                             text         000000
main@F3898                                            dataCOMRAM   000028
main@direccion_tx                                     cstackCOMRAM 000021
main@estado                                           cstackCOMRAM 000026
main@mensaje                                          cstackCOMRAM 000027
stackhi                                               (abs)        0007FF
stacklo                                               (abs)        000060
start                                                 init         001000
start_initialization                                  cinit        007CAC


FUNCTION INFORMATION:

 *************** function _main *****************
 Defined at:
		line 6 in file "main.c"
 Parameters:    Size  Location     Type
		None
 Auto vars:     Size  Location     Type
  direccion_tx    5   32[COMRAM] unsigned char [5]
  mensaje         1   38[COMRAM] unsigned char [1]
  estado          1   37[COMRAM] unsigned char 
 Return value:  Size  Location     Type
                  1    wreg      void 
 Registers used:
		wreg, fsr1l, fsr1h, fsr2l, fsr2h, status,2, status,0, prodl, prodh, cstack
 Tracked objects:
		On entry : 
		On exit  : 
		Unchanged: 
 Data sizes:     COMRAM   BANK0   BANK1   BANK2   BANK3   BANK4   BANK5   BANK6   BANK7
      Params:         0       0       0       0       0       0       0       0       0
      Locals:         7       0       0       0       0       0       0       0       0
      Temps:          2       0       0       0       0       0       0       0       0
      Totals:         9       0       0       0       0       0       0       0       0
Total ram usage:        9 bytes
 Hardware stack levels required when called:    4
 This function calls:
		_Check_Data_Sent_TX_Mode_nRF24L01
		_SPI_Start
		_Send_Data_TX_Mode_nRF24L01
		_Start_TX_Mode_nRF24L01
		_nRF24L01_Ports_Start
 This function is called by:
		Startup code after reset
 This function uses a non-reentrant model


 *************** function _nRF24L01_Ports_Start *****************
 Defined at:
		line 22 in file "nRF24l01.c"
 Parameters:    Size  Location     Type
		None
 Auto vars:     Size  Location     Type
		None
 Return value:  Size  Location     Type
                  1    wreg      void 
 Registers used:
		wreg, status,2
 Tracked objects:
		On entry : 
		On exit  : 
		Unchanged: 
 Data sizes:     COMRAM   BANK0   BANK1   BANK2   BANK3   BANK4   BANK5   BANK6   BANK7
      Params:         0       0       0       0       0       0       0       0       0
      Locals:         0       0       0       0       0       0       0       0       0
      Temps:          0       0       0       0       0       0       0       0       0
      Totals:         0       0       0       0       0       0       0       0       0
Total ram usage:        0 bytes
 Hardware stack levels used:    1
 This function calls:
		Nothing
 This function is called by:
		_main
 This function uses a non-reentrant model


 *************** function _Start_TX_Mode_nRF24L01 *****************
 Defined at:
		line 280 in file "nRF24l01.c"
 Parameters:    Size  Location     Type
  TX_RX_Addres    1    wreg     unsigned char 
  Frequency_Ch    1    5[COMRAM] unsigned char 
  RF_Data_Rate    1    6[COMRAM] unsigned char 
  RF_Output_Po    1    7[COMRAM] unsigned char 
  LNA_Gain        1    8[COMRAM] unsigned char 
  CRC_Setup       1    9[COMRAM] unsigned char 
  Auto_Retrans    1   10[COMRAM] unsigned char 
  Max_Auto_Ret    1   11[COMRAM] unsigned char 
  Enable_Check    1   12[COMRAM] unsigned char 
  TX_RX_Payloa    1   13[COMRAM] unsigned char 
 Auto vars:     Size  Location     Type
  TX_RX_Addres    1   15[COMRAM] unsigned char 
 Return value:  Size  Location     Type
                  1    wreg      void 
 Registers used:
		wreg, status,2, status,0, prodl, prodh, cstack
 Tracked objects:
		On entry : 
		On exit  : 
		Unchanged: 
 Data sizes:     COMRAM   BANK0   BANK1   BANK2   BANK3   BANK4   BANK5   BANK6   BANK7
      Params:         9       0       0       0       0       0       0       0       0
      Locals:         1       0       0       0       0       0       0       0       0
      Temps:          1       0       0       0       0       0       0       0       0
      Totals:        11       0       0       0       0       0       0       0       0
Total ram usage:       11 bytes
 Hardware stack levels used:    1
 Hardware stack levels required when called:    3
 This function calls:
		_Reset_nRF24L01_Status_and_nRF24L01_Payloads
		_Write_nRF24L01_Register
 This function is called by:
		_main
 This function uses a non-reentrant model


 *************** function _Write_nRF24L01_Register *****************
 Defined at:
		line 56 in file "nRF24l01.c"
 Parameters:    Size  Location     Type
  Register_Add    1    wreg     unsigned char 
  Register_Con    1    3[COMRAM] unsigned char 
 Auto vars:     Size  Location     Type
  Register_Add    1    4[COMRAM] unsigned char 
  nRF24L01_Sta    1    0        unsigned char 
  dummydata       1    0        unsigned char 
 Return value:  Size  Location     Type
                  1    wreg      void 
 Registers used:
		wreg, status,2, status,0, cstack
 Tracked objects:
		On entry : 
		On exit  : 
		Unchanged: 
 Data sizes:     COMRAM   BANK0   BANK1   BANK2   BANK3   BANK4   BANK5   BANK6   BANK7
      Params:         1       0       0       0       0       0       0       0       0
      Locals:         1       0       0       0       0       0       0       0       0
      Temps:          0       0       0       0       0       0       0       0       0
      Totals:         2       0       0       0       0       0       0       0       0
Total ram usage:        2 bytes
 Hardware stack levels used:    1
 Hardware stack levels required when called:    2
 This function calls:
		_Read_nRF24L01_Register
		_SPI_Transfer
 This function is called by:
		_Start_TX_Mode_nRF24L01
 This function uses a non-reentrant model


 *************** function _Reset_nRF24L01_Status_and_nRF24L01_Payloads *****************
 Defined at:
		line 218 in file "nRF24l01.c"
 Parameters:    Size  Location     Type
		None
 Auto vars:     Size  Location     Type
  nRF24L01_Sta    1    0        unsigned char 
 Return value:  Size  Location     Type
                  1    wreg      void 
 Registers used:
		wreg, status,2, cstack
 Tracked objects:
		On entry : 
		On exit  : 
		Unchanged: 
 Data sizes:     COMRAM   BANK0   BANK1   BANK2   BANK3   BANK4   BANK5   BANK6   BANK7
      Params:         0       0       0       0       0       0       0       0       0
      Locals:         0       0       0       0       0       0       0       0       0
      Temps:          0       0       0       0       0       0       0       0       0
      Totals:         0       0       0       0       0       0       0       0       0
Total ram usage:        0 bytes
 Hardware stack levels used:    1
 Hardware stack levels required when called:    2
 This function calls:
		_SPI_Transfer
		_Write_nRF24L01_Status
 This function is called by:
		_Start_TX_Mode_nRF24L01
 This function uses a non-reentrant model


 *************** function _Send_Data_TX_Mode_nRF24L01 *****************
 Defined at:
		line 343 in file "nRF24l01.c"
 Parameters:    Size  Location     Type
  Enable_Check    1    wreg     unsigned char 
  TX_RX_Addres    1   25[COMRAM] unsigned char 
  TX_Address      1   26[COMRAM] PTR unsigned char 
		 -> main@direccion_tx(5), 
  TX_RX_Payloa    1   27[COMRAM] unsigned char 
  TX_Payload      1   28[COMRAM] PTR unsigned char 
		 -> main@mensaje(1), 
 Auto vars:     Size  Location     Type
  Enable_Check    1   29[COMRAM] unsigned char 
 Return value:  Size  Location     Type
                  1    wreg      void 
 Registers used:
		wreg, fsr1l, fsr1h, fsr2l, fsr2h, status,2, status,0, cstack
 Tracked objects:
		On entry : 
		On exit  : 
		Unchanged: 
 Data sizes:     COMRAM   BANK0   BANK1   BANK2   BANK3   BANK4   BANK5   BANK6   BANK7
      Params:         4       0       0       0       0       0       0       0       0
      Locals:         1       0       0       0       0       0       0       0       0
      Temps:          0       0       0       0       0       0       0       0       0
      Totals:         5       0       0       0       0       0       0       0       0
Total ram usage:        5 bytes
 Hardware stack levels used:    1
 Hardware stack levels required when called:    3
 This function calls:
		_Write_nRF24L01_Address_Register
		_Write_nRF24L01_TX_Payload
 This function is called by:
		_main
 This function uses a non-reentrant model


 *************** function _Write_nRF24L01_TX_Payload *****************
 Defined at:
		line 187 in file "nRF24l01.c"
 Parameters:    Size  Location     Type
  Enable_Check    1    wreg     unsigned char 
  TX_RX_Payloa    1    1[COMRAM] unsigned char 
  TX_Payload      1    2[COMRAM] PTR unsigned char 
		 -> main@mensaje(1), 
 Auto vars:     Size  Location     Type
  Enable_Check    1    4[COMRAM] unsigned char 
  i               1    5[COMRAM] unsigned char 
  TX_Checksum     1    3[COMRAM] unsigned char 
  dummydata       1    0        unsigned char 
  nRF24L01_Sta    1    0        unsigned char 
 Return value:  Size  Location     Type
                  1    wreg      void 
 Registers used:
		wreg, fsr2l, fsr2h, status,2, status,0, cstack
 Tracked objects:
		On entry : 
		On exit  : 
		Unchanged: 
 Data sizes:     COMRAM   BANK0   BANK1   BANK2   BANK3   BANK4   BANK5   BANK6   BANK7
      Params:         2       0       0       0       0       0       0       0       0
      Locals:         3       0       0       0       0       0       0       0       0
      Temps:          0       0       0       0       0       0       0       0       0
      Totals:         5       0       0       0       0       0       0       0       0
Total ram usage:        5 bytes
 Hardware stack levels used:    1
 Hardware stack levels required when called:    1
 This function calls:
		_SPI_Transfer
 This function is called by:
		_Send_Data_TX_Mode_nRF24L01
 This function uses a non-reentrant model


 *************** function _Write_nRF24L01_Address_Register *****************
 Defined at:
		line 111 in file "nRF24l01.c"
 Parameters:    Size  Location     Type
  TX_RX_Addres    1    wreg     unsigned char 
  Register_Add    1   10[COMRAM] unsigned char 
  Register_Con    1   11[COMRAM] PTR unsigned char 
		 -> main@direccion_tx(5), 
 Auto vars:     Size  Location     Type
  TX_RX_Addres    1   23[COMRAM] unsigned char 
  Address_Veri    5   17[COMRAM] unsigned char [5]
  i               1   24[COMRAM] unsigned char 
  Process_Fini    1   22[COMRAM] unsigned char 
  nRF24L01_Sta    1    0        unsigned char 
  dummydata       1    0        unsigned char 
 Return value:  Size  Location     Type
                  1    wreg      void 
 Registers used:
		wreg, fsr1l, fsr1h, fsr2l, fsr2h, status,2, status,0, cstack
 Tracked objects:
		On entry : 
		On exit  : 
		Unchanged: 
 Data sizes:     COMRAM   BANK0   BANK1   BANK2   BANK3   BANK4   BANK5   BANK6   BANK7
      Params:         2       0       0       0       0       0       0       0       0
      Locals:         8       0       0       0       0       0       0       0       0
      Temps:          5       0       0       0       0       0       0       0       0
      Totals:        15       0       0       0       0       0       0       0       0
Total ram usage:       15 bytes
 Hardware stack levels used:    1
 Hardware stack levels required when called:    2
 This function calls:
		_Read_nRF24L01_Address_Register
		_SPI_Transfer
 This function is called by:
		_Send_Data_TX_Mode_nRF24L01
 This function uses a non-reentrant model


 *************** function _Read_nRF24L01_Address_Register *****************
 Defined at:
		line 98 in file "nRF24l01.c"
 Parameters:    Size  Location     Type
  TX_RX_Addres    1    wreg     unsigned char 
  Register_Add    1    1[COMRAM] unsigned char 
  Register_Con    1    2[COMRAM] PTR unsigned char 
		 -> Write_nRF24L01_Address_Register@Address_Verification(5), 
 Auto vars:     Size  Location     Type
  TX_RX_Addres    1    8[COMRAM] unsigned char 
  i               1    9[COMRAM] unsigned char 
  nRF24L01_Sta    1    0        unsigned char 
 Return value:  Size  Location     Type
                  1    wreg      void 
 Registers used:
		wreg, fsr2l, fsr2h, status,2, status,0, cstack
 Tracked objects:
		On entry : 
		On exit  : 
		Unchanged: 
 Data sizes:     COMRAM   BANK0   BANK1   BANK2   BANK3   BANK4   BANK5   BANK6   BANK7
      Params:         2       0       0       0       0       0       0       0       0
      Locals:         2       0       0       0       0       0       0       0       0
      Temps:          5       0       0       0       0       0       0       0       0
      Totals:         9       0       0       0       0       0       0       0       0
Total ram usage:        9 bytes
 Hardware stack levels used:    1
 Hardware stack levels required when called:    1
 This function calls:
		_SPI_Transfer
 This function is called by:
		_Write_nRF24L01_Address_Register
 This function uses a non-reentrant model


 *************** function _SPI_Start *****************
 Defined at:
		line 7 in file "nRF24l01.c"
 Parameters:    Size  Location     Type
  Clock_Freque    1    wreg     unsigned char 
 Auto vars:     Size  Location     Type
  Clock_Freque    1    0[COMRAM] unsigned char 
 Return value:  Size  Location     Type
                  1    wreg      void 
 Registers used:
		wreg, status,2, status,0
 Tracked objects:
		On entry : 
		On exit  : 
		Unchanged: 
 Data sizes:     COMRAM   BANK0   BANK1   BANK2   BANK3   BANK4   BANK5   BANK6   BANK7
      Params:         0       0       0       0       0       0       0       0       0
      Locals:         1       0       0       0       0       0       0       0       0
      Temps:          0       0       0       0       0       0       0       0       0
      Totals:         1       0       0       0       0       0       0       0       0
Total ram usage:        1 bytes
 Hardware stack levels used:    1
 This function calls:
		Nothing
 This function is called by:
		_main
 This function uses a non-reentrant model


 *************** function _Check_Data_Sent_TX_Mode_nRF24L01 *****************
 Defined at:
		line 363 in file "nRF24l01.c"
 Parameters:    Size  Location     Type
		None
 Auto vars:     Size  Location     Type
  i               2    5[COMRAM] unsigned int 
  nRF24L01_Sta    1    8[COMRAM] unsigned char 
  j               1    7[COMRAM] unsigned char 
  TX_Operation    1    0        unsigned char 
  TX_Retransmi    1    0        unsigned char 
 Return value:  Size  Location     Type
                  1    wreg      unsigned char 
 Registers used:
		wreg, status,2, status,0, cstack
 Tracked objects:
		On entry : 
		On exit  : 
		Unchanged: 
 Data sizes:     COMRAM   BANK0   BANK1   BANK2   BANK3   BANK4   BANK5   BANK6   BANK7
      Params:         0       0       0       0       0       0       0       0       0
      Locals:         6       0       0       0       0       0       0       0       0
      Temps:          0       0       0       0       0       0       0       0       0
      Totals:         6       0       0       0       0       0       0       0       0
Total ram usage:        6 bytes
 Hardware stack levels used:    1
 Hardware stack levels required when called:    2
 This function calls:
		_Read_nRF24L01_Register
		_Read_nRF24L01_Status
		_Write_nRF24L01_Status
 This function is called by:
		_main
 This function uses a non-reentrant model


 *************** function _Write_nRF24L01_Status *****************
 Defined at:
		line 86 in file "nRF24l01.c"
 Parameters:    Size  Location     Type
  Register_Con    1    wreg     unsigned char 
 Auto vars:     Size  Location     Type
  Register_Con    1    1[COMRAM] unsigned char 
  nRF24L01_Sta    1    0        unsigned char 
  dummydata       1    0        unsigned char 
 Return value:  Size  Location     Type
                  1    wreg      void 
 Registers used:
		wreg, status,2, cstack
 Tracked objects:
		On entry : 
		On exit  : 
		Unchanged: 
 Data sizes:     COMRAM   BANK0   BANK1   BANK2   BANK3   BANK4   BANK5   BANK6   BANK7
      Params:         0       0       0       0       0       0       0       0       0
      Locals:         1       0       0       0       0       0       0       0       0
      Temps:          0       0       0       0       0       0       0       0       0
      Totals:         1       0       0       0       0       0       0       0       0
Total ram usage:        1 bytes
 Hardware stack levels used:    1
 Hardware stack levels required when called:    1
 This function calls:
		_SPI_Transfer
 This function is called by:
		_Reset_nRF24L01_Status_and_nRF24L01_Payloads
		_Check_Data_Sent_TX_Mode_nRF24L01
 This function uses a non-reentrant model


 *************** function _Read_nRF24L01_Status *****************
 Defined at:
		line 75 in file "nRF24l01.c"
 Parameters:    Size  Location     Type
		None
 Auto vars:     Size  Location     Type
  nRF24L01_Sta    1    1[COMRAM] unsigned char 
 Return value:  Size  Location     Type
                  1    wreg      unsigned char 
 Registers used:
		wreg, status,2, cstack
 Tracked objects:
		On entry : 
		On exit  : 
		Unchanged: 
 Data sizes:     COMRAM   BANK0   BANK1   BANK2   BANK3   BANK4   BANK5   BANK6   BANK7
      Params:         0       0       0       0       0       0       0       0       0
      Locals:         1       0       0       0       0       0       0       0       0
      Temps:          0       0       0       0       0       0       0       0       0
      Totals:         1       0       0       0       0       0       0       0       0
Total ram usage:        1 bytes
 Hardware stack levels used:    1
 Hardware stack levels required when called:    1
 This function calls:
		_SPI_Transfer
 This function is called by:
		_Check_Data_Sent_TX_Mode_nRF24L01
 This function uses a non-reentrant model


 *************** function _Read_nRF24L01_Register *****************
 Defined at:
		line 43 in file "nRF24l01.c"
 Parameters:    Size  Location     Type
  Register_Add    1    wreg     unsigned char 
 Auto vars:     Size  Location     Type
  Register_Add    1    1[COMRAM] unsigned char 
  Register_Con    1    2[COMRAM] unsigned char 
  nRF24L01_Sta    1    0        unsigned char 
 Return value:  Size  Location     Type
                  1    wreg      unsigned char 
 Registers used:
		wreg, status,2, cstack
 Tracked objects:
		On entry : 
		On exit  : 
		Unchanged: 
 Data sizes:     COMRAM   BANK0   BANK1   BANK2   BANK3   BANK4   BANK5   BANK6   BANK7
      Params:         0       0       0       0       0       0       0       0       0
      Locals:         2       0       0       0       0       0       0       0       0
      Temps:          0       0       0       0       0       0       0       0       0
      Totals:         2       0       0       0       0       0       0       0       0
Total ram usage:        2 bytes
 Hardware stack levels used:    1
 Hardware stack levels required when called:    1
 This function calls:
		_SPI_Transfer
 This function is called by:
		_Write_nRF24L01_Register
		_Check_Data_Sent_TX_Mode_nRF24L01
 This function uses a non-reentrant model


 *************** function _SPI_Transfer *****************
 Defined at:
		line 33 in file "nRF24l01.c"
 Parameters:    Size  Location     Type
  byte_to_send    1    wreg     unsigned char 
 Auto vars:     Size  Location     Type
  byte_to_send    1    0[COMRAM] unsigned char 
 Return value:  Size  Location     Type
                  1    wreg      unsigned char 
 Registers used:
		wreg, status,2
 Tracked objects:
		On entry : 
		On exit  : 
		Unchanged: 
 Data sizes:     COMRAM   BANK0   BANK1   BANK2   BANK3   BANK4   BANK5   BANK6   BANK7
      Params:         0       0       0       0       0       0       0       0       0
      Locals:         1       0       0       0       0       0       0       0       0
      Temps:          0       0       0       0       0       0       0       0       0
      Totals:         1       0       0       0       0       0       0       0       0
Total ram usage:        1 bytes
 Hardware stack levels used:    1
 This function calls:
		Nothing
 This function is called by:
		_Read_nRF24L01_Register
		_Write_nRF24L01_Register
		_Read_nRF24L01_Status
		_Write_nRF24L01_Status
		_Read_nRF24L01_Address_Register
		_Write_nRF24L01_Address_Register
		_Write_nRF24L01_TX_Payload
		_Reset_nRF24L01_Status_and_nRF24L01_Payloads
 This function uses a non-reentrant model



MODULE INFORMATION

Module		Function		Class		Link	Load	Size
nRF24l01.c
		_Read_nRF24L01_Register		CODE           	7C74	0000	25
		_Read_nRF24L01_Address_Register		CODE           	7D30	0000	75
		_Write_nRF24L01_Register		CODE           	7CFE	0000	43
		_Reset_nRF24L01_Status_and_nRF24L01_Payloads		CODE           	7CD2	0000	45
		_SPI_Transfer  		CODE           	7C30	0000	17
		_Write_nRF24L01_Address_Register		CODE           	7F76	0000	101
		_Start_TX_Mode_nRF24L01		CODE           	7EF0	0000	135
		_Write_nRF24L01_TX_Payload		CODE           	7DC6	0000	73
		_nRF24L01_Ports_Start		CODE           	7C50	0000	17
		_Write_nRF24L01_Status		CODE           	7C60	0000	21
		_Check_Data_Sent_TX_Mode_nRF24L01		CODE           	7E1A	0000	89
		_SPI_Start     		CODE           	7C8C	0000	33
		_Send_Data_TX_Mode_nRF24L01		CODE           	7D7A	0000	67
		_Read_nRF24L01_Status		CODE           	7C40	0000	17

nRF24l01.c estimated size: 758

shared
		PL8            		CODE           	7D28	0000	9
		__initialization		CODE           	7CAC	0000	33
		PL2            		CODE           	7FDA	0000	39
		PL4            		CODE           	7E0E	0000	13
		PL6            		CODE           	7DBC	0000	11

shared estimated size: 105

main.c
		_main          		CODE           	7E72	0000	127

main.c estimated size: 127

